// Jest Snapshot v1, https://goo.gl/fbAQLP

exports[`<TrackCard /> should match the snapshot 1`] = `
<body>
  <div>
    <div
      class="TrackDetail__Container-sc-cov9jc-0 booLkx"
      data-testid="track-details"
    >
      <button
        class="ant-btn ant-btn-primary ant-btn-sm"
        type="button"
      >
        <span>
          Back to Search
        </span>
      </button>
      <div
        class="ant-card ant-card-bordered TrackDetail__CustomTrackCard-sc-cov9jc-1 cIQhtJ"
      >
        <div
          class="ant-card-body"
        >
          <div
            class="TrackDetail__Flex-sc-cov9jc-2 curJWl"
          >
            <div
              class="ant-image"
              data-testid="album-art"
              style="height: 200px;"
            >
              <img
                alt="no image"
                class="ant-image-img"
                src="https://is5-ssl.mzstatic.com/image/thumb/Music116/v4/5a/47/6d/5a476ddd-4690-1297-1896-6a286a497a21/191404113974.png/100x100bb.jpg"
                style="height: 200px; padding-right: 20px;"
              />
              <div
                class="ant-image-mask"
              >
                <div
                  class="ant-image-mask-info"
                >
                  <span
                    aria-label="eye"
                    class="anticon anticon-eye"
                    role="img"
                  >
                    <svg
                      aria-hidden="true"
                      data-icon="eye"
                      fill="currentColor"
                      focusable="false"
                      height="1em"
                      viewBox="64 64 896 896"
                      width="1em"
                    >
                      <path
                        d="M942.2 486.2C847.4 286.5 704.1 186 512 186c-192.2 0-335.4 100.5-430.2 300.3a60.3 60.3 0 000 51.5C176.6 737.5 319.9 838 512 838c192.2 0 335.4-100.5 430.2-300.3 7.7-16.2 7.7-35 0-51.5zM512 766c-161.3 0-279.4-81.8-362.7-254C232.6 339.8 350.7 258 512 258c161.3 0 279.4 81.8 362.7 254C791.5 684.2 673.4 766 512 766zm-4-430c-97.2 0-176 78.8-176 176s78.8 176 176 176 176-78.8 176-176-78.8-176-176-176zm0 288c-61.9 0-112-50.1-112-112s50.1-112 112-112 112 50.1 112 112-50.1 112-112 112z"
                      />
                    </svg>
                  </span>
                  Preview
                </div>
              </div>
            </div>
            <div
              class="TrackDetail__FColumn-sc-cov9jc-3 gYfbkr"
            >
              <p
                class="T__StyledText-sc-apdcd0-0 fjJkvM"
                data-testid="collection-name"
              >
                Collection Name : 45 
              </p>
              <div
                class="TrackDetail__StyledAudio-sc-cov9jc-4 dOyzXU"
              >
                <audio
                  aria-label="audio-label"
                  controls=""
                  data-testid="audio-test"
                  id="22233223"
                  style="display: block; max-width: 100%;"
                >
                  <source
                    src="22233223"
                    type="audio/mp3"
                  />
                  Your browser does not support audio tags
                </audio>
              </div>
            </div>
          </div>
          <p
            class="T__StyledText-sc-apdcd0-0 fjJkvM"
            data-testid="artist-name"
          >
            Artist Name: Adele
          </p>
          <p
            class="T__StyledText-sc-apdcd0-0 bPJaah"
            data-testid="t"
          >
            Hello
          </p>
          <p
            class="T__StyledText-sc-apdcd0-0 fjJkvM"
            data-testid="collection-price"
          >
            Collection Price : 0.09 USD
          </p>
          <p
            class="T__StyledText-sc-apdcd0-0 fjJkvM"
            data-testid="release-date"
          >
            Release Date: Sat Nov 24 2018
          </p>
        </div>
      </div>
    </div>
  </div>
</body>
`;
