// Jest Snapshot v1, https://goo.gl/fbAQLP

exports[`<Clickable /> component tests should render and match the snapshot 1`] = `
.c0 {
  color: #1890ff;
}

.c0:hover {
  cursor: pointer;
}

<body>
  <div>
    <div
      class="c0"
      data-testid="clickable"
    />
  </div>
</body>
`;
